// Jest Snapshot v1, https://goo.gl/fbAQLP

exports[`Article list renders a title, author, and description 1`] = `
<DocumentFragment>
  <ul>
    <li>
      <div>
        <h1>
          Lorem ipsum
        </h1>
        <p>
          lorem
        </p>
        <p>
           lorem
        </p>
      </div>
    </li>
    <li>
      <div>
        <h1>
          lorem2
        </h1>
        <p>
          ipsum
        </p>
        <p>
           hello
        </p>
      </div>
    </li>
  </ul>
</DocumentFragment>
`;
